// Jest Snapshot v1, https://goo.gl/fbAQLP

exports[`should render expense list with expenses 1`] = `
<div>
  <ExpenseListItem
    amount={313}
    createdAt={-432000000}
    description="Movie"
    id={0}
    key="0"
    note="badla"
  />
  <ExpenseListItem
    amount={300}
    createdAt={345600000}
    description="Fuel"
    id={1}
    key="1"
    note="petrol"
  />
  <ExpenseListItem
    amount={114}
    createdAt={0}
    description="Food"
    id={2}
    key="2"
    note="dosa"
  />
</div>
`;

exports[`should render expense list with no expenses 1`] = `
<div>
  <h1>
    No expenses
  </h1>
</div>
`;
